// Jest Snapshot v1, https://goo.gl/fbAQLP

exports[`HomePage matches Homepage snapshot 1`] = `
<section
  className="homeContainer"
>
  <h1>
    BookIT
  </h1>
  <a
    className="text-white"
    href="/signin"
    onClick={[Function]}
  >
    <button
      type="button"
    >
      Sign In
    </button>
  </a>
  <a
    className="text-white"
    href="/signup"
    onClick={[Function]}
  >
    <button
      type="button"
    >
      Register
    </button>
  </a>
</section>
`;
